// Vitest Snapshot v1, https://vitest.dev/guide/snapshot.html

exports[`compilePageCss — the kernel stylesheet text > compiles size + margin + the counter footer (snapshot) 1`] = `
"@page {
  size: A4;
  margin: 18mm 16mm 18mm 16mm;
}
@page {
  @bottom-left {
    content: counter(page);
  }
}
@page {
  @bottom-right {
    content: counter(pages);
  }
}"
`;
